hello
cat: nonexistent1: No such file or directory
cat: nonexistent2: No such file or directory
